// Jest Snapshot v1, https://goo.gl/fbAQLP

exports[`App Simulates a event on form password input 1`] = `ShallowWrapper {}`;

exports[`App renders snapshot uccessfully 1`] = `ShallowWrapper {}`;
