// Jest Snapshot v1, https://goo.gl/fbAQLP

exports[`App renders reset email form template 1`] = `ShallowWrapper {}`;
